keymaps 0-2,4-6,8-9,12
alt_is_meta
include "linux-with-alt-and-altgr.inc"
strings as usual

keycode   1 = Escape           
keycode   2 = one              exclam          
keycode   3 = two              quotedbl         at
        control keycode   3 = nul
keycode   4 = three            numbersign       sterling
	control keycode   4 = Escape          
keycode   5 = four             dollar           section
    control keycode   5 = Control_backslash
keycode   6 = five             percent
	control keycode   6 = Control_bracketright
keycode   7 = six              ampersand     
	control keycode   7 = Control_asciicircum
keycode   8 = seven            slash        braceleft
    control keycode   8 = Control_underscore
keycode   9 = eight            parenleft        bracketleft
    control keycode   9 = Delete
keycode  10 = nine             parenright       bracketright    
keycode  11 = zero             equal            braceright      
keycode  12 = apostrophe       question         backslash       
	control keycode  12 = Control_underscore
    alt     keycode  12 = Meta_minus
keycode  13 = guillemotleft   guillemotright
    alt     keycode  13 = Meta_equal
keycode  14 = Delete
keycode  15 = Tab
	shift	keycode  15 = Meta_Tab
keycode  16 = dead_acute       dead_grave       apostrophe      grave
    control keycode  16 = Control_bracketright
    alt     keycode  16 = Meta_bracketright
keycode  17 = comma            semicolon
keycode  18 = period           colon
keycode  19 = p               
keycode  20 = y               
keycode  21 = f               
keycode  22 = g               
keycode  23 = c               
keycode  24 = r               
keycode  25 = l
keycode  26 = plus             asterisk         dead_diaeresis
    control keycode  26 = Control_bracketright
    alt     keycode  26 = Meta_bracketright
keycode  27 = dead_tilde       dead_circumflex  asciitilde      asciicircum
    control keycode  27 = Control_backslash
    alt     keycode  27 = Meta_backslash
keycode  28 = Return          
        alt     keycode  28 = Meta_Control_m
keycode  29 = Control         
keycode  30 = a               
keycode  31 = o               
keycode  32 = e               
keycode  33 = u               
keycode  34 = i               
keycode  35 = d               
keycode  36 = h               
keycode  37 = t               
keycode  38 = n
keycode  39 = s
keycode  40 = minus            underscore
    control keycode  40 = Delete
    alt     keycode  40 = Meta_slash
keycode  41 = masculine        ordfeminine
	control keycode  41 = Control_g
    alt     keycode  41 = Meta_apostrophe
keycode  42 = Shift

keycode  43 = a        bar             
	control keycode  43 = Control_backslash

keycode  44 = +ccedilla        Ccedilla
    alt keycode  44 = Meta_semicolon
keycode  45 = q
keycode  46 = j
keycode  47 = k
keycode  48 = x
keycode  49 = b
keycode  50 = m
keycode  51 = w
keycode  52 = v
keycode  53 = z
keycode  54 = Shift           
keycode  56 = Alt             
keycode  57 = space            
	control keycode  57 = nul             
keycode  58 = Caps_Lock
keycode  86 = less             greater          bar             
keycode  97 = Control         
